1>2>#  creo cuatro libros para ingresarlos a la Coleccion.
3>4>5>6>7>8>9>10>11>12>13>14>15>Libro 849550144
Título: Juventud
Autor: J.M. Coetzee
Descripción: Un joven sudafricano busca sentido en su vida y vocación en Londres
Género: 4
Fecha de edición: 1/1/2002
Libro 222324252
Título: El nombre de la rosa
Autor: Umberto Eco
Descripción: Un fraile investiga misteriosos asesinatos en una abadía medieval
Género: 3
Fecha de edición: 1/1/1980
Libro 204578912
Título: Las venas abiertas de América Latina
Autor: Eduardo Galeano
Descripción: Un ensayo crítico sobre la historia de la explotación en América Latina
Género: 7
Fecha de edición: 1/1/1971
Libro 111213141
Título: Orgullo y prejuicio
Autor: Jane Austen
Descripción: Elizabeth Bennet enfrenta el amor y los prejuicios de su época
Género: 1
Fecha de edición: 28/1/1813
16>17>Fin.
