1>2>3>4>5>6>7>8>9>10>11>12>13>14>El libro con isbn 5 NO está en el coleccion.
15>El libro con isbn 214589721 está en el coleccion.
16>El libro con isbn 111111111 NO está en el coleccion.
17>El libro con isbn 999001122 está en el coleccion.
18>Libro 214589721
Título: Las aventuras del sapo Ruperto
Autor: Roy Berocay
Descripción: Un simpático sapo uruguayo vive divertidas y valientes aventuras
Género: 9
Fecha de edición: 1/1/1993
19>20>Fin.
