1>2>3>4>5>6>7>8>9>10>11>12>13>14>15>16>17>Libro 234567891
Título: El informe de Brodeck
Autor: Philippe Claudel
Descripción: Un hombre escribe un informe sobre un crimen en un pueblo marcado por la posguerra
Género: 1
Fecha de edición: 1/1/2007
Libro 224512789
Título: El palacio de la luna
Autor: Paul Auster
Descripción: Un joven cae en la pobreza y encuentra sentido en un viaje inesperado
Género: 1
Fecha de edición: 1/1/1989
Libro 843397380
Título: Tokio Blues
Autor: Haruki Murakami
Descripción: Un joven recuerda su vida universitaria marcada por la pérdida y el amor
Género: 1
Fecha de edición: 1/9/1987
Libro 843760494
Título: Cien años de soledad
Autor: Gabriel García Márquez
Descripción: Es la historia de la familia Buendía a lo largo de siete generaciones en el pueblo ficticio de Macondo
Género: 3
Fecha de edición: 5/6/1967
Libro 121314151
Título: El viejo y el mar
Autor: Ernest Hemingway
Descripción: Un viejo pescador enfrenta al mar en una lucha silenciosa
Género: 1
Fecha de edición: 1/1/1952
18>No se puede remover el libro con isbn 2 porque NO pertenece a la colección.
19>Libro 234567891
Título: El informe de Brodeck
Autor: Philippe Claudel
Descripción: Un hombre escribe un informe sobre un crimen en un pueblo marcado por la posguerra
Género: 1
Fecha de edición: 1/1/2007
Libro 224512789
Título: El palacio de la luna
Autor: Paul Auster
Descripción: Un joven cae en la pobreza y encuentra sentido en un viaje inesperado
Género: 1
Fecha de edición: 1/1/1989
Libro 843397380
Título: Tokio Blues
Autor: Haruki Murakami
Descripción: Un joven recuerda su vida universitaria marcada por la pérdida y el amor
Género: 1
Fecha de edición: 1/9/1987
Libro 843760494
Título: Cien años de soledad
Autor: Gabriel García Márquez
Descripción: Es la historia de la familia Buendía a lo largo de siete generaciones en el pueblo ficticio de Macondo
Género: 3
Fecha de edición: 5/6/1967
Libro 121314151
Título: El viejo y el mar
Autor: Ernest Hemingway
Descripción: Un viejo pescador enfrenta al mar en una lucha silenciosa
Género: 1
Fecha de edición: 1/1/1952
20>No se puede remover el libro con isbn 5 porque NO pertenece a la colección.
21>Libro 234567891
Título: El informe de Brodeck
Autor: Philippe Claudel
Descripción: Un hombre escribe un informe sobre un crimen en un pueblo marcado por la posguerra
Género: 1
Fecha de edición: 1/1/2007
Libro 224512789
Título: El palacio de la luna
Autor: Paul Auster
Descripción: Un joven cae en la pobreza y encuentra sentido en un viaje inesperado
Género: 1
Fecha de edición: 1/1/1989
Libro 843397380
Título: Tokio Blues
Autor: Haruki Murakami
Descripción: Un joven recuerda su vida universitaria marcada por la pérdida y el amor
Género: 1
Fecha de edición: 1/9/1987
Libro 843760494
Título: Cien años de soledad
Autor: Gabriel García Márquez
Descripción: Es la historia de la familia Buendía a lo largo de siete generaciones en el pueblo ficticio de Macondo
Género: 3
Fecha de edición: 5/6/1967
Libro 121314151
Título: El viejo y el mar
Autor: Ernest Hemingway
Descripción: Un viejo pescador enfrenta al mar en una lucha silenciosa
Género: 1
Fecha de edición: 1/1/1952
22>No se puede remover el libro con isbn 1 porque NO pertenece a la colección.
23>Libro 234567891
Título: El informe de Brodeck
Autor: Philippe Claudel
Descripción: Un hombre escribe un informe sobre un crimen en un pueblo marcado por la posguerra
Género: 1
Fecha de edición: 1/1/2007
Libro 224512789
Título: El palacio de la luna
Autor: Paul Auster
Descripción: Un joven cae en la pobreza y encuentra sentido en un viaje inesperado
Género: 1
Fecha de edición: 1/1/1989
Libro 843397380
Título: Tokio Blues
Autor: Haruki Murakami
Descripción: Un joven recuerda su vida universitaria marcada por la pérdida y el amor
Género: 1
Fecha de edición: 1/9/1987
Libro 843760494
Título: Cien años de soledad
Autor: Gabriel García Márquez
Descripción: Es la historia de la familia Buendía a lo largo de siete generaciones en el pueblo ficticio de Macondo
Género: 3
Fecha de edición: 5/6/1967
Libro 121314151
Título: El viejo y el mar
Autor: Ernest Hemingway
Descripción: Un viejo pescador enfrenta al mar en una lucha silenciosa
Género: 1
Fecha de edición: 1/1/1952
24>25>Fin.
