1>2>3>4>5>6>7>8>9>10>11>12>13>14>15>16>17>#  No hay libros para la fecha.
18>NO existen libros en la colección con fecha de edición 1/1/2025
19>#  Hay libro para la fecha.
20>Existen libros en la colección con fecha de edición 19/10/1953
21>#  No hay libros para el género.
22>23>#  Hay 2 libros del género 1.
24>Libro 141516171
Título: Cometas en el cielo
Autor: Khaled Hosseini
Descripción: Una amistad marcada por la traición en el Afganistán contemporáneo
Género: 1
Fecha de edición: 1/1/2006
Libro 194512348
Título: Bestiario
Autor: Julio Cortázar
Descripción: Siete cuentos extraños y perturbadores que exploran lo fantástico en lo cotidiano
Género: 1
Fecha de edición: 17/9/1951
25>26>Fin.
