1>2>#  creo libro para ingresarlo a la colección.
3>4>5>6>Libro 171819202
Título: Harry Potter y la piedra filosofal
Autor: J.K. Rowling
Descripción: Un niño mago descubre su destino en la escuela Hogwarts
Género: 6
Fecha de edición: 26/6/1997
7>8>Fin.
