1>2>3>4>5>6>7>8>9>10>11>12>13>14>15>16>17>18>19>20>21>22>23>24>25>26>27>28>29>30>31>32>Libro 880619315
Título: La soledad de los números primos
Autor: Paolo Giordano
Descripción: Dos almas heridas incapaces de coincidir en el amor
Género: 1
Fecha de edición: 1/1/2008
Libro 849550144
Título: Juventud
Autor: J.M. Coetzee
Descripción: Un joven sudafricano busca sentido en su vida y vocación en Londres
Género: 4
Fecha de edición: 1/1/2002
Libro 171819202
Título: Harry Potter y la piedra filosofal
Autor: J.K. Rowling
Descripción: Un niño mago descubre su destino en la escuela Hogwarts
Género: 6
Fecha de edición: 26/6/1997
Libro 843397030
Título: Ensayo sobre la ceguera
Autor: José Saramago
Descripción: Una epidemia de ceguera azota a una ciudad, revelando lo peor del ser humano
Género: 2
Fecha de edición: 1/10/1995
Libro 214589721
Título: Las aventuras del sapo Ruperto
Autor: Roy Berocay
Descripción: Un simpático sapo uruguayo vive divertidas y valientes aventuras
Género: 9
Fecha de edición: 1/1/1993
Libro 140003446
Título: Jazz
Autor: Toni Morrison
Descripción: Una historia de amor y crimen en el Harlem de los años 20
Género: 3
Fecha de edición: 1/5/1992
Libro 222324252
Título: El nombre de la rosa
Autor: Umberto Eco
Descripción: Un fraile investiga misteriosos asesinatos en una abadía medieval
Género: 3
Fecha de edición: 1/1/1980
Libro 204578912
Título: Las venas abiertas de América Latina
Autor: Eduardo Galeano
Descripción: Un ensayo crítico sobre la historia de la explotación en América Latina
Género: 7
Fecha de edición: 1/1/1971
Libro 316769177
Título: El guardián en el centeno
Autor: J.D. Salinger
Descripción: Holden narra sus días tras ser expulsado del colegio, en busca de sentido
Género: 1
Fecha de edición: 16/7/1951
Libro 111213141
Título: Orgullo y prejuicio
Autor: Jane Austen
Descripción: Elizabeth Bennet enfrenta el amor y los prejuicios de su época
Género: 1
Fecha de edición: 28/1/1813
33>No se puede remover el libro con isbn 8 porque NO pertenece a la colección.
34>No se puede remover el libro con isbn 10 porque NO pertenece a la colección.
35>No se puede remover el libro con isbn 4 porque NO pertenece a la colección.
36>Libro 880619315
Título: La soledad de los números primos
Autor: Paolo Giordano
Descripción: Dos almas heridas incapaces de coincidir en el amor
Género: 1
Fecha de edición: 1/1/2008
Libro 849550144
Título: Juventud
Autor: J.M. Coetzee
Descripción: Un joven sudafricano busca sentido en su vida y vocación en Londres
Género: 4
Fecha de edición: 1/1/2002
Libro 171819202
Título: Harry Potter y la piedra filosofal
Autor: J.K. Rowling
Descripción: Un niño mago descubre su destino en la escuela Hogwarts
Género: 6
Fecha de edición: 26/6/1997
Libro 843397030
Título: Ensayo sobre la ceguera
Autor: José Saramago
Descripción: Una epidemia de ceguera azota a una ciudad, revelando lo peor del ser humano
Género: 2
Fecha de edición: 1/10/1995
Libro 214589721
Título: Las aventuras del sapo Ruperto
Autor: Roy Berocay
Descripción: Un simpático sapo uruguayo vive divertidas y valientes aventuras
Género: 9
Fecha de edición: 1/1/1993
Libro 140003446
Título: Jazz
Autor: Toni Morrison
Descripción: Una historia de amor y crimen en el Harlem de los años 20
Género: 3
Fecha de edición: 1/5/1992
Libro 222324252
Título: El nombre de la rosa
Autor: Umberto Eco
Descripción: Un fraile investiga misteriosos asesinatos en una abadía medieval
Género: 3
Fecha de edición: 1/1/1980
Libro 204578912
Título: Las venas abiertas de América Latina
Autor: Eduardo Galeano
Descripción: Un ensayo crítico sobre la historia de la explotación en América Latina
Género: 7
Fecha de edición: 1/1/1971
Libro 316769177
Título: El guardián en el centeno
Autor: J.D. Salinger
Descripción: Holden narra sus días tras ser expulsado del colegio, en busca de sentido
Género: 1
Fecha de edición: 16/7/1951
Libro 111213141
Título: Orgullo y prejuicio
Autor: Jane Austen
Descripción: Elizabeth Bennet enfrenta el amor y los prejuicios de su época
Género: 1
Fecha de edición: 28/1/1813
37>38>Libro 880619315
Título: La soledad de los números primos
Autor: Paolo Giordano
Descripción: Dos almas heridas incapaces de coincidir en el amor
Género: 1
Fecha de edición: 1/1/2008
Libro 316769177
Título: El guardián en el centeno
Autor: J.D. Salinger
Descripción: Holden narra sus días tras ser expulsado del colegio, en busca de sentido
Género: 1
Fecha de edición: 16/7/1951
Libro 111213141
Título: Orgullo y prejuicio
Autor: Jane Austen
Descripción: Elizabeth Bennet enfrenta el amor y los prejuicios de su época
Género: 1
Fecha de edición: 28/1/1813
39>40>Fin.
