1>2>15/5/2024
3>La nueva fecha aplazada 25 dias es: 9/6/2024
4>5>Fin.
